[Solo-Marketing.uz/indexfc1d.html]
[backblue.gif]
[fade.gif]
[index.html]
[Solo-Marketing.uz/img/social.jpg]
[Solo-Marketing.uz/index.html]
[stackpath.bootstrapcdn.com/font-awesome/4.7.0/css/font-awesome.min.css]
[mc.yandex.ru/metrika/tag.js]
[Solo-Marketing.uz/agency.html]
[Solo-Marketing.uz/projects.html]
[Solo-Marketing.uz/services.html]
[Solo-Marketing.uz/contact.html]
[Solo-Marketing.uz/img/feedback.png]
[Solo-Marketing.uz/index-2.html]
[Solo-Marketing.uz/img/projects/profi24.jpg]
[Solo-Marketing.uz/img/projects/mybookinguz.jpg]
[Solo-Marketing.uz/img/projects/gross.jpg]
[Solo-Marketing.uz/img/projects/ozagro.jpg]
[Solo-Marketing.uz/img/projects/oxymed.jpg]
[Solo-Marketing.uz/img/projects/nikapharm.jpg]
[Solo-Marketing.uz/img/projects/registon.jpg]
[Solo-Marketing.uz/img/projects/expert.jpg]
[Solo-Marketing.uz/img/projects/trip.jpg]
[Solo-Marketing.uz/img/projects/kaztour.jpg]
[Solo-Marketing.uz/img/projects/visualalloy.jpg]
[Solo-Marketing.uz/img/projects/unit.jpg]
[Solo-Marketing.uz/img/projects/magnum.jpg]
[Solo-Marketing.uz/img/projects/casva.jpg]
[Solo-Marketing.uz/img/projects/aktivexpress.jpg]
[Solo-Marketing.uz/img/projects/tirgo.jpg]
[Solo-Marketing.uz/img/projects/eastline.jpg]
[Solo-Marketing.uz/img/projects/urban.jpg]
[Solo-Marketing.uz/img/projects/rentcar.jpg]
[Solo-Marketing.uz/img/projects/qpos.jpg]
[Solo-Marketing.uz/img/projects/happytel.jpg]
[Solo-Marketing.uz/img/projects/zortv.jpg]
[Solo-Marketing.uz/img/partners/magnum1.png]
[Solo-Marketing.uz/img/partners/magnum1-1.png]
[Solo-Marketing.uz/img/partners/vedanta1.png]
[Solo-Marketing.uz/img/partners/vedanta1-1.png]
[Solo-Marketing.uz/img/partners/makro1.png]
[Solo-Marketing.uz/img/partners/makro1-1.png]
[Solo-Marketing.uz/img/partners/korzinka1.png]
[Solo-Marketing.uz/img/partners/korzinka1-1.png]
[Solo-Marketing.uz/img/partners/hua1.png]
[Solo-Marketing.uz/img/partners/hua1-1.png]
[Solo-Marketing.uz/img/partners/zor1.png]
[Solo-Marketing.uz/img/partners/zor1-1.png]
[Solo-Marketing.uz/img/partners/cocacola1.png]
[Solo-Marketing.uz/img/partners/cocacola1-1.png]
[Solo-Marketing.uz/img/partners/itpark1.png]
[Solo-Marketing.uz/img/partners/itpark1-1.png]
[Solo-Marketing.uz/img/partners/humans1.png]
[Solo-Marketing.uz/img/partners/humans1-1.png]
[Solo-Marketing.uz/img/partners/click1.png]
[Solo-Marketing.uz/img/partners/click1-1.png]
[Solo-Marketing.uz/img/partners/agro1.png]
[Solo-Marketing.uz/img/partners/agro1-1.png]
[Solo-Marketing.uz/img/partners/urban1.png]
[Solo-Marketing.uz/img/partners/urban1-1.png]
[Solo-Marketing.uz/img/partners/gross1.png]
[Solo-Marketing.uz/img/partners/gross1-1.png]
[Solo-Marketing.uz/img/partners/mybooking1.png]
[Solo-Marketing.uz/img/partners/mybooking1-1.png]
[Solo-Marketing.uz/img/partners/east1.png]
[Solo-Marketing.uz/img/partners/east1-1.png]
[Solo-Marketing.uz/img/partners/nika1.png]
[Solo-Marketing.uz/img/partners/nika1-1.png]
[Solo-Marketing.uz/img/partners/oxy1.png]
[Solo-Marketing.uz/img/partners/oxy1-1.png]
[Solo-Marketing.uz/img/partners/tirgo1.png]
[Solo-Marketing.uz/img/partners/tirgo1-1.png]
[Solo-Marketing.uz/img/partners/aktiv1.png]
[Solo-Marketing.uz/img/partners/aktiv1-1.png]
[Solo-Marketing.uz/img/partners/registon1.png]
[Solo-Marketing.uz/img/partners/registon1-1.png]
[Solo-Marketing.uz/img/partners/ozagro1.png]
[Solo-Marketing.uz/img/partners/ozagro1-1.png]
[Solo-Marketing.uz/img/partners/unit1.png]
[Solo-Marketing.uz/img/partners/unit1-1.png]
[Solo-Marketing.uz/img/partners/visual1.png]
[Solo-Marketing.uz/img/partners/visual1-1.png]
[Solo-Marketing.uz/img/partners/kaz1.png]
[Solo-Marketing.uz/img/partners/kaz1-1.png]
[Solo-Marketing.uz/img/partners/trip1.png]
[Solo-Marketing.uz/img/partners/trip1-1.png]
[Solo-Marketing.uz/img/partners/casva1.png]
[Solo-Marketing.uz/img/partners/casva1-1.png]
[Solo-Marketing.uz/img/partners/profi1.png]
[Solo-Marketing.uz/img/partners/profi1-1.png]
[Solo-Marketing.uz/img/partners/uzcard1.png]
[Solo-Marketing.uz/img/partners/uzcard1-1.png]
[Solo-Marketing.uz/clients.html]
[Solo-Marketing.uz/img/solution.png]
[Solo-Marketing.uz/js/jquery-3.4.1.min.js]
[Solo-Marketing.uz/js/jquery.inputmask.min.js]
[Solo-Marketing.uz/js/wow.min.js]
[Solo-Marketing.uz/indexfc1d.html]
[Solo-Marketing.uz/js/main.js]
[Solo-Marketing.uz/img/favicon.svg]
[Solo-Marketing.uz/index.html]
[Solo-Marketingath.bootstrapcdn.com/font-awesome/4.7.0/css/font-awesome.min.css]
[Solo-Marketing.uz/css/normalize.css]
[Solo-Marketing.uz/css/animate.css]
[Solo-Marketing.uz/css/fonts/TTCommons-Light.eot]
[Solo-Marketing.uz/css/fonts/TTCommons-Lightd41d.eot]
[Solo-Marketing.uz/css/fonts/TTCommons-Light.woff]
[Solo-Marketing.uz/css/fonts/TTCommons-Light.ttf]
[Solo-Marketing.uz/css/fonts/TTCommons-Regular.eot]
[Solo-Marketing.uz/css/fonts/TTCommons-Regulard41d.eot]
[Solo-Marketing.uz/css/fonts/TTCommons-Regular.woff]
[Solo-Marketing.uz/css/fonts/TTCommons-Regular.ttf]
[Solo-Marketing.uz/css/fonts/TTCommons-Medium.eot]
[Solo-Marketing.uz/css/fonts/TTCommons-Mediumd41d.eot]
[Solo-Marketing.uz/css/fonts/TTCommons-Medium.woff]
[Solo-Marketing.uz/css/fonts/TTCommons-Medium.ttf]
[Solo-Marketing.uz/css/main.css]
[Solo-Marketing.uz/img/Logo.svg]
[Solo-Marketing.uz/agency.html]
[Solo-Marketing.uz/img/arrow.svg]
[Solo-Marketing.uz/projects.html]
[Solo-Marketing.uz/services.html]
[Solo-Marketing.uz/js/map.js]
[Solo-Marketing.uz/contact.html]
[Solo-Marketing.uz/index-2.html]
[Solo-Marketing.uz/img/projects/profi24-logo.svg]
[Solo-Marketing.uz/img/projects/mybookinguz-logo.svg]
[Solo-Marketing.uz/img/projects/gross-logo.svg]
[Solo-Marketing.uz/img/projects/ozagro-logo.svg]
[Solo-Marketing.uz/img/projects/oxymed-logo.svg]
[Solo-Marketing.uz/img/projects/nikapharm-logo.svg]
[Solo-Marketing.uz/img/projects/registon-logo.svg]
[Solo-Marketing.uz/img/projects/expert-logo.svg]
[Solo-Marketing.uz/img/projects/trip-logo.svg]
[Solo-Marketing.uz/img/projects/kaztour-logo.svg]
[Solo-Marketing.uz/img/projects/visualalloy-logo.svg]
[Solo-Marketing.uz/img/projects/unit-logo.svg]
[Solo-Marketing.uz/img/projects/magnum-logo.svg]
[Solo-Marketing.uz/img/projects/casva-logo.svg]
[Solo-Marketing.uz/img/projects/aktivexpress-logo.svg]
[Solo-Marketing.uz/img/projects/tirgo-logo.svg]
[Solo-Marketing.uz/img/projects/eastline-logo.svg]
[Solo-Marketing.uz/img/projects/urban-logo.svg]
[Solo-Marketing.uz/img/projects/rentcar-logo.svg]
[Solo-Marketing.uz/img/projects/qpos-logo.svg]
[Solo-Marketing.uz/img/projects/happytel-logo.svg]
[Solo-Marketing.uz/img/projects/zortv-logo.svg]
[Solo-Marketing.uz/clients.html]
[Solo-Marketing.uz/css/fonts/TTCommons-Light.html]
[Solo-Marketing.uz/css/fonts/TTCommons-Regular.html]
[Solo-Marketing.uz/css/fonts/TTCommons-Medium.html]
[Solo-Marketing.uz/img/advantages1.svg]
[Solo-Marketing.uz/img/advantages2.svg]
[Solo-Marketing.uz/img/advantages3.svg]
[Solo-Marketing.uz/img/advantages4.svg]
[Solo-Marketing.uz/img/advantages5.svg]
